# : The term '﻿#' is not recognized as the name of a cmdlet, function, script file, or operable program. Check the spe
lling of the name, or if a path was included, verify that the path is correct and try again.
At E:\项目\看图软件\看图软件编译并启动.ps1:1 char:1
+ ﻿# ================================================================== ...
+ ~~
    + CategoryInfo          : ObjectNotFound: (﻿#:String) [], CommandNotFoundException
    + FullyQualifiedErrorId : CommandNotFoundException
 
========================================
  QuickView 编译并启动
========================================

[1/5] 结束旧进程...
  已结束旧 QuickView 进程

[2/5] 创建临时编译路径...
  临时路径: E:\qv_build_tmp -> E:\项目\看图软件

[3/5] CMake 配置...
Preset CMake variables:

  CMAKE_BUILD_TYPE="Release"
  CMAKE_CXX_COMPILER="clang-cl"
  CMAKE_C_COMPILER="clang-cl"
  CMAKE_EXPORT_COMPILE_COMMANDS="ON"
  CMAKE_LINKER="E:/qv_build_tmp/cmake/lld-link-wrapper.bat"
  CMAKE_MSVC_RUNTIME_LIBRARY="MultiThreaded"
  CMAKE_RC_COMPILER="llvm-rc"
  CMAKE_TOOLCHAIN_FILE="E:/qv_build_tmp/cmake/QuickViewToolchain.cmake"
  ENABLE_ASAN="OFF"
  ENABLE_LTO="ON"
  VCPKG_MANIFEST_INSTALL="ON"
  VCPKG_MANIFEST_MODE="ON"
  VCPKG_OVERLAY_PORTS="E:/qv_build_tmp/custom-ports"
  VCPKG_OVERLAY_TRIPLETS="E:/qv_build_tmp/custom-triplet"
  VCPKG_TARGET_TRIPLET="x64-windows-static-clang"

-- [AdaptiveToolchain] Initializing tool discovery...
-- [AdaptiveToolchain] Found VS at: C:\Program Files (x86)\Microsoft Visual Studio\2022\BuildTools
-- [AdaptiveToolchain] Extracting MSVC environment via vcvarsall.bat...
-- [AdaptiveToolchain] Found Clang-cl: C:/Program Files/LLVM/bin/clang-cl.exe
-- [AdaptiveToolchain] Found lld-link: C:/Program Files/LLVM/bin/lld-link.exe
-- [AdaptiveToolchain] Found Ninja: E:/qv_build_tmp/third_party/vcpkg/downloads/tools/ninja-1.13.2-windows/ninja.exe
-- [AdaptiveToolchain] Found NASM: C:/Program Files/LLVM/bin/nasm.exe
-- Running vcpkg install
E:\qv_build_tmp\out\build\Release-LTO\vcpkg_installed\vcpkg\vcpkg-running.lock: note: waiting to take filesystem lock...
E:\qv_build_tmp\out\build\Release-LTO\vcpkg_installed\vcpkg\vcpkg-running.lock: note: waiting to take filesystem lock...
E:\qv_build_tmp\out\build\Release-LTO\vcpkg_installed\vcpkg\vcpkg-running.lock: note: waiting to take filesystem lock...
E:\qv_build_tmp\out\build\Release-LTO\vcpkg_installed\vcpkg\vcpkg-running.lock: note: waiting to take filesystem lock...
E:\qv_build_tmp\out\build\Release-LTO\vcpkg_installed\vcpkg\vcpkg-running.lock: note: waiting to take filesystem lock...
E:\qv_build_tmp\out\build\Release-LTO\vcpkg_installed\vcpkg\vcpkg-running.lock: note: waiting to take filesystem lock...
E:\qv_build_tmp\out\build\Release-LTO\vcpkg_installed\vcpkg\vcpkg-running.lock: note: waiting to take filesystem lock...
E:\qv_build_tmp\out\build\Release-LTO\vcpkg_installed\vcpkg\vcpkg-running.lock: note: waiting to take filesystem lock...
E:\qv_build_tmp\out\build\Release-LTO\vcpkg_installed\vcpkg\vcpkg-running.lock: note: waiting to take filesystem lock...
E:\qv_build_tmp\out\build\Release-LTO\vcpkg_installed\vcpkg\vcpkg-running.lock: note: waiting to take filesystem lock...
E:\qv_build_tmp\out\build\Release-LTO\vcpkg_installed\vcpkg\vcpkg-running.lock: note: waiting to take filesystem lock...
E:\qv_build_tmp\out\build\Release-LTO\vcpkg_installed\vcpkg\vcpkg-running.lock: note: waiting to take filesystem lock...
E:\qv_build_tmp\out\build\Release-LTO\vcpkg_installed\vcpkg\vcpkg-running.lock: note: waiting to take filesystem lock...
E:\qv_build_tmp\out\build\Release-LTO\vcpkg_installed\vcpkg\vcpkg-running.lock: note: waiting to take filesystem lock...
E:\qv_build_tmp\out\build\Release-LTO\vcpkg_installed\vcpkg\vcpkg-running.lock: note: waiting to take filesystem lock...
E:\qv_build_tmp\out\build\Release-LTO\vcpkg_installed\vcpkg\vcpkg-running.lock: note: waiting to take filesystem lock...
E:\qv_build_tmp\out\build\Release-LTO\vcpkg_installed\vcpkg\vcpkg-running.lock: note: waiting to take filesystem lock...
E:\qv_build_tmp\out\build\Release-LTO\vcpkg_installed\vcpkg\vcpkg-running.lock: note: waiting to take filesystem lock...
E:\qv_build_tmp\out\build\Release-LTO\vcpkg_installed\vcpkg\vcpkg-running.lock: note: waiting to take filesystem lock...
E:\qv_build_tmp\out\build\Release-LTO\vcpkg_installed\vcpkg\vcpkg-running.lock: note: waiting to take filesystem lock...
E:\qv_build_tmp\out\build\Release-LTO\vcpkg_installed\vcpkg\vcpkg-running.lock: note: waiting to take filesystem lock...
E:\qv_build_tmp\out\build\Release-LTO\vcpkg_installed\vcpkg\vcpkg-running.lock: note: waiting to take filesystem lock...
E:\qv_build_tmp\out\build\Release-LTO\vcpkg_installed\vcpkg\vcpkg-running.lock: note: waiting to take filesystem lock...
E:\qv_build_tmp\out\build\Release-LTO\vcpkg_installed\vcpkg\vcpkg-running.lock: note: waiting to take filesystem lock...
E:\qv_build_tmp\out\build\Release-LTO\vcpkg_installed\vcpkg\vcpkg-running.lock: note: waiting to take filesystem lock...
E:\qv_build_tmp\out\build\Release-LTO\vcpkg_installed\vcpkg\vcpkg-running.lock: note: waiting to take filesystem lock...
E:\qv_build_tmp\out\build\Release-LTO\vcpkg_installed\vcpkg\vcpkg-running.lock: note: waiting to take filesystem lock...
E:\qv_build_tmp\out\build\Release-LTO\vcpkg_installed\vcpkg\vcpkg-running.lock: note: waiting to take filesystem lock...
E:\qv_build_tmp\out\build\Release-LTO\vcpkg_installed\vcpkg\vcpkg-running.lock: note: waiting to take filesystem lock...
E:\qv_build_tmp\out\build\Release-LTO\vcpkg_installed\vcpkg\vcpkg-running.lock: note: waiting to take filesystem lock...
E:\qv_build_tmp\out\build\Release-LTO\vcpkg_installed\vcpkg\vcpkg-running.lock: note: waiting to take filesystem lock...
E:\qv_build_tmp\out\build\Release-LTO\vcpkg_installed\vcpkg\vcpkg-running.lock: note: waiting to take filesystem lock...
E:\qv_build_tmp\out\build\Release-LTO\vcpkg_installed\vcpkg\vcpkg-running.lock: note: waiting to take filesystem lock...
command:
"E:\qv_build_tmp\third_party\vcpkg\downloads\tools\cmake-4.3.3-windows\cmake-4.3.3-windows-x86_64/bin/cmake.exe" -DVCPKG_ROOT_DIR=E:/qv_build_tmp/third_party/vcpkg -DPACKAGES_DIR=E:/qv_build_tmp/third_party/vcpkg/packages -DBUILDTREES_DIR=E:/qv_build_tmp/third_party/vcpkg/buildtrees -D_VCPKG_INSTALLED_DIR=E:/qv_build_tmp/out/build/Release-LTO/vcpkg_installed -DDOWNLOADS=E:/qv_build_tmp/third_party/vcpkg/downloads -DVCPKG_MANIFEST_INSTALL=OFF -P "E:\qv_build_tmp\third_party\vcpkg\buildtrees\0.vcpkg_tags.cmake"
failed with the following output:
CMake Deprecation Warning at buildtrees/0.vcpkg_tags.cmake:1 (cmake_minimum_required):,   Compatibility with CMake < 3.10 will be removed from a future version of,   CMake., ,   Update the VERSION argument <min> value.  Or, use the <min>...<max> syntax,   to tell CMake that the project requires at least <min> but has been updated,   to work with policies introduced by <max> or earlier., , , d8187afd-ea4a-4fc3-9aa4-a6782e1ed9af, c35112b6-d1ba-415b-aa5d-81de856ef8eb, VCPKG_TARGET_ARCHITECTURE=x64, VCPKG_CMAKE_SYSTEM_NAME=, VCPKG_CMAKE_SYSTEM_VERSION=, VCPKG_PLATFORM_TOOLSET=, VCPKG_PLATFORM_TOOLSET_VERSION=, VCPKG_VISUAL_STUDIO_PATH=, VCPKG_CHAINLOAD_TOOLCHAIN_FILE=, VCPKG_BUILD_TYPE=, VCPKG_LIBRARY_LINKAGE=dynamic, VCPKG_CRT_LINKAGE=dynamic, e1e74b5c-18cb-4474-a6bd-5c1c8bc81f3f, c35112b6-d1ba-415b-aa5d-81de856ef8eb, VCPKG_PUBLIC_ABI_OVERRIDE=, VCPKG_ENV_PASSTHROUGH=, VCPKG_ENV_PASSTHROUGH_UNTRACKED=, VCPKG_LOAD_VCVARS_ENV=, VCPKG_DISABLE_COMPILER_TRACKING=, VCPKG_HASH_ADDITIONAL_FILES=, VCPKG_POST_PORTFILE_INCLUDES=, VCPKG_XBOX_CONSOLE_TARGET=, Z_VCPKG_GameDKLatest=, Z_VCPKG_GameDKXboxLatest=, e1e74b5c-18cb-4474-a6bd-5c1c8bc81f3f, 8c504940-be29-4cba-9f8f-6cd83e9d87b7, d8187afd-ea4a-4fc3-9aa4-a6782e1ed9af, c35112b6-d1ba-415b-aa5d-81de856ef8eb, VCPKG_TARGET_ARCHITECTURE=x64, VCPKG_CMAKE_SYSTEM_NAME=, VCPKG_CMAKE_SYSTEM_VERSION=, VCPKG_PLATFORM_TOOLSET=, VCPKG_PLATFORM_TOOLSET_VERSION=, VCPKG_VISUAL_STUDIO_PATH=, VCPKG_CHAINLOAD_TOOLCHAIN_FILE=, VCPKG_BUILD_TYPE=, VCPKG_LIBRARY_LINKAGE=dynamic, VCPKG_CRT_LINKAGE=dynamic, e1e74b5c-18cb-4474-a6bd-5c1c8bc81f3f, c35112b6-d1ba-415b-aa5d-81de856ef8eb, VCPKG_PUBLIC_ABI_OVERRIDE=, VCPKG_ENV_PASSTHROUGH=, VCPKG_ENV_PASSTHROUGH_UNTRACKED=, VCPKG_LOAD_VCVARS_ENV=, VCPKG_DISABLE_COMPILER_TRACKING=, VCPKG_HASH_ADDITIONAL_FILES=, VCPKG_POST_PORTFILE_INCLUDES=, VCPKG_XBOX_CONSOLE_TARGET=, Z_VCPKG_GameDKLatest=, Z_VCPKG_GameDKXboxLatest=, e1e74b5c-18cb-4474-a6bd-5c1c8bc81f3f, 8c504940-be29-4cba-9f8f-6cd83e9d87b7, d8187afd-ea4a-4fc3-9aa4-a6782e1ed9af, c35112b6-d1ba-415b-aa5d-81de856ef8eb, VCPKG_TARGET_ARCHITECTURE=x64, VCPKG_CMAKE_SYSTEM_NAME=, VCPKG_CMAKE_SYSTEM_VERSION=, VCPKG_PLATFORM_TOOLSET=, VCPKG_PLATFORM_TOOLSET_VERSION=, VCPKG_VISUAL_STUDIO_PATH=, VCPKG_CHAINLOAD_TOOLCHAIN_FILE=, VCPKG_BUILD_TYPE=, VCPKG_LIBRARY_LINKAGE=dynamic, VCPKG_CRT_LINKAGE=dynamic, e1e74b5c-18cb-4474-a6bd-5c1c8bc81f3f, c35112b6-d1ba-415b-aa5d-81de856ef8eb, VCPKG_PUBLIC_ABI_OVERRIDE=, VCPKG_ENV_PASSTHROUGH=, VCPKG_ENV_PASSTHROUGH_UNTRACKED=, VCPKG_LOAD_VCVARS_ENV=, VCPKG_DISABLE_COMPILER_TRACKING=, VCPKG_HASH_ADDITIONAL_FILES=, VCPKG_POST_PORTFILE_INCLUDES=, VCPKG_XBOX_CONSOLE_TARGET=, Z_VCPKG_GameDKLatest=, Z_VCPKG_GameDKXboxLatest=, e1e74b5c-18cb-4474-a6bd-5c1c8bc81f3f, 8c504940-be29-4cba-9f8f-6cd83e9d87b7, d8187afd-ea4a-4fc3-9aa4-a6782e1ed9af, -- [AdaptiveToolchain] Initializing tool discovery..., -- [AdaptiveToolchain] Found VS at: C:\Program Files (x86)\Microsoft Visual Studio\2022\BuildTools, -- [AdaptiveToolchain] Extracting MSVC environment via vcvarsall.bat..., -- [AdaptiveToolchain] Found Clang-cl: C:/Program Files/LLVM/bin/clang-cl.exe, -- [AdaptiveToolchain] Found lld-link: C:/Program Files/LLVM/bin/lld-link.exe, -- [AdaptiveToolchain] Found Ninja: E:/qv_build_tmp/third_party/vcpkg/downloads/tools/ninja-1.13.2-windows/ninja.exe, -- [AdaptiveToolchain] Found NASM: C:/Program Files/LLVM/bin/nasm.exe, c35112b6-d1ba-415b-aa5d-81de856ef8eb, VCPKG_TARGET_ARCHITECTURE=x64, VCPKG_CMAKE_SYSTEM_NAME=, VCPKG_CMAKE_SYSTEM_VERSION=, VCPKG_PLATFORM_TOOLSET=, VCPKG_PLATFORM_TOOLSET_VERSION=, VCPKG_VISUAL_STUDIO_PATH=, VCPKG_CHAINLOAD_TOOLCHAIN_FILE=, VCPKG_BUILD_TYPE=, VCPKG_LIBRARY_LINKAGE=static, VCPKG_CRT_LINKAGE=static, e1e74b5c-18cb-4474-a6bd-5c1c8bc81f3f, c35112b6-d1ba-415b-aa5d-81de856ef8eb, VCPKG_PUBLIC_ABI_OVERRIDE=, VCPKG_ENV_PASSTHROUGH=, VCPKG_ENV_PASSTHROUGH_UNTRACKED=, VCPKG_LOAD_VCVARS_ENV=, VCPKG_DISABLE_COMPILER_TRACKING=, VCPKG_HASH_ADDITIONAL_FILES=, VCPKG_POST_PORTFILE_INCLUDES=, VCPKG_XBOX_CONSOLE_TARGET=, Z_VCPKG_GameDKLatest=, Z_VCPKG_GameDKXboxLatest=, e1e74b5c-18cb-4474-a6bd-5c1c8bc81f3f, 8c504940-be29-4cba-9f8f-6cd83e9d87b7, d8187afd-ea4a-4fc3-9aa4-a6782e1ed9af, -- [AdaptiveToolchain] Initializing tool discovery..., -- [AdaptiveToolchain] Found VS at: C:\Program Files (x86)\Microsoft Visual Studio\2022\BuildTools, -- [AdaptiveToolchain] Extracting MSVC environment via vcvarsall.bat..., -- [AdaptiveToolchain] Found Clang-cl: C:/Program Files/LLVM/bin/clang-cl.exe, -- [AdaptiveToolchain] Found lld-link: C:/Program Files/LLVM/bin/lld-link.exe, -- [AdaptiveToolchain] Found Ninja: E:/qv_build_tmp/third_party/vcpkg/downloads/tools/ninja-1.13.2-windows/ninja.exe, -- [AdaptiveToolchain] Found NASM: C:/Program Files/LLVM/bin/nasm.exe, c35112b6-d1ba-415b-aa5d-81de856ef8eb, VCPKG_TARGET_ARCHITECTURE=x64, VCPKG_CMAKE_SYSTEM_NAME=, VCPKG_CMAKE_SYSTEM_VERSION=, VCPKG_PLATFORM_TOOLSET=, VCPKG_PLATFORM_TOOLSET_VERSION=, VCPKG_VISUAL_STUDIO_PATH=, VCPKG_CHAINLOAD_TOOLCHAIN_FILE=, VCPKG_BUILD_TYPE=, VCPKG_LIBRARY_LINKAGE=static, VCPKG_CRT_LINKAGE=static, e1e74b5c-18cb-4474-a6bd-5c1c8bc81f3f, c35112b6-d1ba-415b-aa5d-81de856ef8eb, VCPKG_PUBLIC_ABI_OVERRIDE=, VCPKG_ENV_PASSTHROUGH=, VCPKG_ENV_PASSTHROUGH_UNTRACKED=, VCPKG_LOAD_VCVARS_ENV=, VCPKG_DISABLE_COMPILER_TRACKING=, VCPKG_HASH_ADDITIONAL_FILES=, VCPKG_POST_PORTFILE_INCLUDES=, VCPKG_XBOX_CONSOLE_TARGET=, Z_VCPKG_GameDKLatest=, Z_VCPKG_GameDKXboxLatest=, e1e74b5c-18cb-4474-a6bd-5c1c8bc81f3f, 8c504940-be29-4cba-9f8f-6cd83e9d87b7, d8187afd-ea4a-4fc3-9aa4-a6782e1ed9af, -- [AdaptiveToolchain] Initializing tool discovery..., -- [AdaptiveToolchain] Found VS at: C:\Program Files (x86)\Microsoft Visual Studio\2022\BuildTools, -- [AdaptiveToolchain] Extracting MSVC environment via vcvarsall.bat..., -- [AdaptiveToolchain] Found Clang-cl: C:/Program Files/LLVM/bin/clang-cl.exe, -- [AdaptiveToolchain] Found lld-link: C:/Program Files/LLVM/bin/lld-link.exe, -- [AdaptiveToolchain] Found Ninja: E:/qv_build_tmp/third_party/vcpkg/downloads/tools/ninja-1.13.2-windows/ninja.exe, -- [AdaptiveToolchain] Found NASM: C:/Program Files/LLVM/bin/nasm.exe, c35112b6-d1ba-415b-aa5d-81de856ef8eb, VCPKG_TARGET_ARCHITECTURE=x64, VCPKG_CMAKE_SYSTEM_NAME=, VCPKG_CMAKE_SYSTEM_VERSION=, VCPKG_PLATFORM_TOOLSET=, VCPKG_PLATFORM_TOOLSET_VERSION=, VCPKG_VISUAL_STUDIO_PATH=, VCPKG_CHAINLOAD_TOOLCHAIN_FILE=, VCPKG_BUILD_TYPE=, VCPKG_LIBRARY_LINKAGE=static, VCPKG_CRT_LINKAGE=static, e1e74b5c-18cb-4474-a6bd-5c1c8bc81f3f, c35112b6-d1ba-415b-aa5d-81de856ef8eb, VCPKG_PUBLIC_ABI_OVERRIDE=, VCPKG_ENV_PASSTHROUGH=, VCPKG_ENV_PASSTHROUGH_UNTRACKED=, VCPKG_LOAD_VCVARS_ENV=, VCPKG_DISABLE_COMPILER_TRACKING=, VCPKG_HASH_ADDITIONAL_FILES=, VCPKG_POST_PORTFILE_INCLUDES=, VCPKG_XBOX_CONSOLE_TARGET=, Z_VCPKG_GameDKLatest=, Z_VCPKG_GameDKXboxLatest=, e1e74b5c-18cb-4474-a6bd-5c1c8bc81f3f, 8c504940-be29-4cba-9f8f-6cd83e9d87b7, d8187afd-ea4a-4fc3-9aa4-a6782e1ed9af, -- [AdaptiveToolchain] Initializing tool discovery..., -- [AdaptiveToolchain] Found VS at: C:\Program Files (x86)\Microsoft Visual Studio\2022\BuildTools, -- [AdaptiveToolchain] Extracting MSVC environment via vcvarsall.bat..., -- [AdaptiveToolchain] Found Clang-cl: C:/Program Files/LLVM/bin/clang-cl.exe, -- [AdaptiveToolchain] Found lld-link: C:/Program Files/LLVM/bin/lld-link.exe, -- [AdaptiveToolchain] Found Ninja: E:/qv_build_tmp/third_party/vcpkg/downloads/tools/ninja-1.13.2-windows/ninja.exe, -- [AdaptiveToolchain] Found NASM: C:/Program Files/LLVM/bin/nasm.exe, c35112b6-d1ba-415b-aa5d-81de856ef8eb, VCPKG_TARGET_ARCHITECTURE=x64, VCPKG_CMAKE_SYSTEM_NAME=, VCPKG_CMAKE_SYSTEM_VERSION=, VCPKG_PLATFORM_TOOLSET=, VCPKG_PLATFORM_TOOLSET_VERSION=, VCPKG_VISUAL_STUDIO_PATH=, VCPKG_CHAINLOAD_TOOLCHAIN_FILE=, VCPKG_BUILD_TYPE=, VCPKG_LIBRARY_LINKAGE=static, VCPKG_CRT_LINKAGE=static, e1e74b5c-18cb-4474-a6bd-5c1c8bc81f3f, c35112b6-d1ba-415b-aa5d-81de856ef8eb, VCPKG_PUBLIC_ABI_OVERRIDE=, VCPKG_ENV_PASSTHROUGH=, VCPKG_ENV_PASSTHROUGH_UNTRACKED=, VCPKG_LOAD_VCVARS_ENV=, VCPKG_DISABLE_COMPILER_TRACKING=, VCPKG_HASH_ADDITIONAL_FILES=, VCPKG_POST_PORTFILE_INCLUDES=, VCPKG_XBOX_CONSOLE_TARGET=, Z_VCPKG_GameDKLatest=, Z_VCPKG_GameDKXboxLatest=, e1e74b5c-18cb-4474-a6bd-5c1c8bc81f3f, 8c504940-be29-4cba-9f8f-6cd83e9d87b7, d8187afd-ea4a-4fc3-9aa4-a6782e1ed9af, -- [AdaptiveToolchain] Initializing tool discovery..., -- [AdaptiveToolchain] Found VS at: C:\Program Files (x86)\Microsoft Visual Studio\2022\BuildTools, -- [AdaptiveToolchain] Extracting MSVC environment via vcvarsall.bat..., -- [AdaptiveToolchain] Found Clang-cl: C:/Program Files/LLVM/bin/clang-cl.exe, -- [AdaptiveToolchain] Found lld-link: C:/Program Files/LLVM/bin/lld-link.exe, -- [AdaptiveToolchain] Found Ninja: E:/qv_build_tmp/third_party/vcpkg/downloads/tools/ninja-1.13.2-windows/ninja.exe, -- [AdaptiveToolchain] Found NASM: C:/Program Files/LLVM/bin/nasm.exe, c35112b6-d1ba-415b-aa5d-81de856ef8eb, VCPKG_TARGET_ARCHITECTURE=x64, VCPKG_CMAKE_SYSTEM_NAME=, VCPKG_CMAKE_SYSTEM_VERSION=, VCPKG_PLATFORM_TOOLSET=, VCPKG_PLATFORM_TOOLSET_VERSION=, VCPKG_VISUAL_STUDIO_PATH=, VCPKG_CHAINLOAD_TOOLCHAIN_FILE=, VCPKG_BUILD_TYPE=, VCPKG_LIBRARY_LINKAGE=static, VCPKG_CRT_LINKAGE=static, e1e74b5c-18cb-4474-a6bd-5c1c8bc81f3f, c35112b6-d1ba-415b-aa5d-81de856ef8eb, VCPKG_PUBLIC_ABI_OVERRIDE=, VCPKG_ENV_PASSTHROUGH=, VCPKG_ENV_PASSTHROUGH_UNTRACKED=, VCPKG_LOAD_VCVARS_ENV=, VCPKG_DISABLE_COMPILER_TRACKING=, VCPKG_HASH_ADDITIONAL_FILES=, VCPKG_POST_PORTFILE_INCLUDES=, VCPKG_XBOX_CONSOLE_TARGET=, Z_VCPKG_GameDKLatest=, Z_VCPKG_GameDKXboxLatest=, e1e74b5c-18cb-4474-a6bd-5c1c8bc81f3f, 8c504940-be29-4cba-9f8f-6cd83e9d87b7, d8187afd-ea4a-4fc3-9aa4-a6782e1ed9af, -- [AdaptiveToolchain] Initializing tool discovery..., -- [AdaptiveToolchain] Found VS at: C:\Program Files (x86)\Microsoft Visual Studio\2022\BuildTools, -- [AdaptiveToolchain] Extracting MSVC environment via vcvarsall.bat..., -- [AdaptiveToolchain] Found Clang-cl: C:/Program Files/LLVM/bin/clang-cl.exe, -- [AdaptiveToolchain] Found lld-link: C:/Program Files/LLVM/bin/lld-link.exe, -- [AdaptiveToolchain] Found Ninja: E:/qv_build_tmp/third_party/vcpkg/downloads/tools/ninja-1.13.2-windows/ninja.exe, -- [AdaptiveToolchain] Found NASM: C:/Program Files/LLVM/bin/nasm.exe, c35112b6-d1ba-415b-aa5d-81de856ef8eb, VCPKG_TARGET_ARCHITECTURE=x64, VCPKG_CMAKE_SYSTEM_NAME=, VCPKG_CMAKE_SYSTEM_VERSION=, VCPKG_PLATFORM_TOOLSET=, VCPKG_PLATFORM_TOOLSET_VERSION=, VCPKG_VISUAL_STUDIO_PATH=, VCPKG_CHAINLOAD_TOOLCHAIN_FILE=, VCPKG_BUILD_TYPE=, VCPKG_LIBRARY_LINKAGE=static, VCPKG_CRT_LINKAGE=static, e1e74b5c-18cb-4474-a6bd-5c1c8bc81f3f, c35112b6-d1ba-415b-aa5d-81de856ef8eb, VCPKG_PUBLIC_ABI_OVERRIDE=, VCPKG_ENV_PASSTHROUGH=, VCPKG_ENV_PASSTHROUGH_UNTRACKED=, VCPKG_LOAD_VCVARS_ENV=, VCPKG_DISABLE_COMPILER_TRACKING=, VCPKG_HASH_ADDITIONAL_FILES=, VCPKG_POST_PORTFILE_INCLUDES=, VCPKG_XBOX_CONSOLE_TARGET=, Z_VCPKG_GameDKLatest=, Z_VCPKG_GameDKXboxLatest=, e1e74b5c-18cb-4474-a6bd-5c1c8bc81f3f, 8c504940-be29-4cba-9f8f-6cd83e9d87b7, d8187afd-ea4a-4fc3-9aa4-a6782e1ed9af, -- [AdaptiveToolchain] Initializing tool discovery..., -- [AdaptiveToolchain] Found VS at: C:\Program Files (x86)\Microsoft Visual Studio\2022\BuildTools, -- [AdaptiveToolchain] Extracting MSVC environment via vcvarsall.bat..., -- [AdaptiveToolchain] Found Clang-cl: C:/Program Files/LLVM/bin/clang-cl.exe, -- [AdaptiveToolchain] Found lld-link: C:/Program Files/LLVM/bin/lld-link.exe, -- [AdaptiveToolchain] Found Ninja: E:/qv_build_tmp/third_party/vcpkg/downloads/tools/ninja-1.13.2-windows/ninja.exe, -- [AdaptiveToolchain] Found NASM: C:/Program Files/LLVM/bin/nasm.exe, c35112b6-d1ba-415b-aa5d-81de856ef8eb, VCPKG_TARGET_ARCHITECTURE=x64, VCPKG_CMAKE_SYSTEM_NAME=, VCPKG_CMAKE_SYSTEM_VERSION=, VCPKG_PLATFORM_TOOLSET=, VCPKG_PLATFORM_TOOLSET_VERSION=, VCPKG_VISUAL_STUDIO_PATH=, VCPKG_CHAINLOAD_TOOLCHAIN_FILE=, VCPKG_BUILD_TYPE=, VCPKG_LIBRARY_LINKAGE=static, VCPKG_CRT_LINKAGE=static, e1e74b5c-18cb-4474-a6bd-5c1c8bc81f3f, c35112b6-d1ba-415b-aa5d-81de856ef8eb, VCPKG_PUBLIC_ABI_OVERRIDE=, VCPKG_ENV_PASSTHROUGH=, VCPKG_ENV_PASSTHROUGH_UNTRACKED=, VCPKG_LOAD_VCVARS_ENV=, VCPKG_DISABLE_COMPILER_TRACKING=, VCPKG_HASH_ADDITIONAL_FILES=, VCPKG_POST_PORTFILE_INCLUDES=, VCPKG_XBOX_CONSOLE_TARGET=, Z_VCPKG_GameDKLatest=, Z_VCPKG_GameDKXboxLatest=, e1e74b5c-18cb-4474-a6bd-5c1c8bc81f3f, 8c504940-be29-4cba-9f8f-6cd83e9d87b7, d8187afd-ea4a-4fc3-9aa4-a6782e1ed9af, -- [AdaptiveToolchain] Initializing tool discovery..., -- [AdaptiveToolchain] Found VS at: C:\Program Files (x86)\Microsoft Visual Studio\2022\BuildTools, -- [AdaptiveToolchain] Extracting MSVC environment via vcvarsall.bat..., -- [AdaptiveToolchain] Found Clang-cl: C:/Program Files/LLVM/bin/clang-cl.exe, -- [AdaptiveToolchain] Found lld-link: C:/Program Files/LLVM/bin/lld-link.exe, -- [AdaptiveToolchain] Found Ninja: E:/qv_build_tmp/third_party/vcpkg/downloads/tools/ninja-1.13.2-windows/ninja.exe, -- [AdaptiveToolchain] Found NASM: C:/Program Files/LLVM/bin/nasm.exe, c35112b6-d1ba-415b-aa5d-81de856ef8eb, VCPKG_TARGET_ARCHITECTURE=x64, VCPKG_CMAKE_SYSTEM_NAME=, VCPKG_CMAKE_SYSTEM_VERSION=, VCPKG_PLATFORM_TOOLSET=, VCPKG_PLATFORM_TOOLSET_VERSION=, VCPKG_VISUAL_STUDIO_PATH=, VCPKG_CHAINLOAD_TOOLCHAIN_FILE=, VCPKG_BUILD_TYPE=, VCPKG_LIBRARY_LINKAGE=static, VCPKG_CRT_LINKAGE=static, e1e74b5c-18cb-4474-a6bd-5c1c8bc81f3f, c35112b6-d1ba-415b-aa5d-81de856ef8eb, VCPKG_PUBLIC_ABI_OVERRIDE=, VCPKG_ENV_PASSTHROUGH=, VCPKG_ENV_PASSTHROUGH_UNTRACKED=, VCPKG_LOAD_VCVARS_ENV=, VCPKG_DISABLE_COMPILER_TRACKING=, VCPKG_HASH_ADDITIONAL_FILES=, VCPKG_POST_PORTFILE_INCLUDES=, VCPKG_XBOX_CONSOLE_TARGET=, Z_VCPKG_GameDKLatest=, Z_VCPKG_GameDKXboxLatest=, e1e74b5c-18cb-4474-a6bd-5c1c8bc81f3f, 8c504940-be29-4cba-9f8f-6cd83e9d87b7, d8187afd-ea4a-4fc3-9aa4-a6782e1ed9af, -- [AdaptiveToolchain] Initializing tool discovery..., -- [AdaptiveToolchain] Found VS at: C:\Program Files (x86)\Microsoft Visual Studio\2022\BuildTools, -- [AdaptiveToolchain] Extracting MSVC environment via vcvarsall.bat..., -- [AdaptiveToolchain] Found Clang-cl: C:/Program Files/LLVM/bin/clang-cl.exe, -- [AdaptiveToolchain] Found lld-link: C:/Program Files/LLVM/bin/lld-link.exe, -- [AdaptiveToolchain] Found Ninja: E:/qv_build_tmp/third_party/vcpkg/downloads/tools/ninja-1.13.2-windows/ninja.exe, -- [AdaptiveToolchain] Found NASM: C:/Program Files/LLVM/bin/nasm.exe, c35112b6-d1ba-415b-aa5d-81de856ef8eb, VCPKG_TARGET_ARCHITECTURE=x64, VCPKG_CMAKE_SYSTEM_NAME=, VCPKG_CMAKE_SYSTEM_VERSION=, VCPKG_PLATFORM_TOOLSET=, VCPKG_PLATFORM_TOOLSET_VERSION=, VCPKG_VISUAL_STUDIO_PATH=, VCPKG_CHAINLOAD_TOOLCHAIN_FILE=, VCPKG_BUILD_TYPE=, VCPKG_LIBRARY_LINKAGE=static, VCPKG_CRT_LINKAGE=static, e1e74b5c-18cb-4474-a6bd-5c1c8bc81f3f, c35112b6-d1ba-415b-aa5d-81de856ef8eb, VCPKG_PUBLIC_ABI_OVERRIDE=, VCPKG_ENV_PASSTHROUGH=, VCPKG_ENV_PASSTHROUGH_UNTRACKED=, VCPKG_LOAD_VCVARS_ENV=, VCPKG_DISABLE_COMPILER_TRACKING=, VCPKG_HASH_ADDITIONAL_FILES=, VCPKG_POST_PORTFILE_INCLUDES=, VCPKG_XBOX_CONSOLE_TARGET=, Z_VCPKG_GameDKLatest=, Z_VCPKG_GameDKXboxLatest=, e1e74b5c-18cb-4474-a6bd-5c1c8bc81f3f, 8c504940-be29-4cba-9f8f-6cd83e9d87b7, d8187afd-ea4a-4fc3-9aa4-a6782e1ed9af, -- [AdaptiveToolchain] Initializing tool discovery..., -- [AdaptiveToolchain] Found VS at: C:\Program Files (x86)\Microsoft Visual Studio\2022\BuildTools, -- [AdaptiveToolchain] Extracting MSVC environment via vcvarsall.bat..., -- [AdaptiveToolchain] Found Clang-cl: C:/Program Files/LLVM/bin/clang-cl.exe, -- [AdaptiveToolchain] Found lld-link: C:/Program Files/LLVM/bin/lld-link.exe, -- [AdaptiveToolchain] Found Ninja: E:/qv_build_tmp/third_party/vcpkg/downloads/tools/ninja-1.13.2-windows/ninja.exe, -- [AdaptiveToolchain] Found NASM: C:/Program Files/LLVM/bin/nasm.exe, c35112b6-d1ba-415b-aa5d-81de856ef8eb, VCPKG_TARGET_ARCHITECTURE=x64, VCPKG_CMAKE_SYSTEM_NAME=, VCPKG_CMAKE_SYSTEM_VERSION=, VCPKG_PLATFORM_TOOLSET=, VCPKG_PLATFORM_TOOLSET_VERSION=, VCPKG_VISUAL_STUDIO_PATH=, VCPKG_CHAINLOAD_TOOLCHAIN_FILE=, VCPKG_BUILD_TYPE=, VCPKG_LIBRARY_LINKAGE=static, VCPKG_CRT_LINKAGE=static, e1e74b5c-18cb-4474-a6bd-5c1c8bc81f3f, c35112b6-d1ba-415b-aa5d-81de856ef8eb, VCPKG_PUBLIC_ABI_OVERRIDE=, VCPKG_ENV_PASSTHROUGH=, VCPKG_ENV_PASSTHROUGH_UNTRACKED=, VCPKG_LOAD_VCVARS_ENV=, VCPKG_DISABLE_COMPILER_TRACKING=, VCPKG_HASH_ADDITIONAL_FILES=, VCPKG_POST_PORTFILE_INCLUDES=, VCPKG_XBOX_CONSOLE_TARGET=, Z_VCPKG_GameDKLatest=, Z_VCPKG_GameDKXboxLatest=, e1e74b5c-18cb-4474-a6bd-5c1c8bc81f3f, 8c504940-be29-4cba-9f8f-6cd83e9d87b7, d8187afd-ea4a-4fc3-9aa4-a6782e1ed9af, -- [AdaptiveToolchain] Initializing tool discovery..., -- [AdaptiveToolchain] Found VS at: C:\Program Files (x86)\Microsoft Visual Studio\2022\BuildTools, -- [AdaptiveToolchain] Extracting MSVC environment via vcvarsall.bat..., -- [AdaptiveToolchain] Found Clang-cl: C:/Program Files/LLVM/bin/clang-cl.exe, -- [AdaptiveToolchain] Found lld-link: C:/Program Files/LLVM/bin/lld-link.exe, -- [AdaptiveToolchain] Found Ninja: E:/qv_build_tmp/third_party/vcpkg/downloads/tools/ninja-1.13.2-windows/ninja.exe, -- [AdaptiveToolchain] Found NASM: C:/Program Files/LLVM/bin/nasm.exe, c35112b6-d1ba-415b-aa5d-81de856ef8eb, VCPKG_TARGET_ARCHITECTURE=x64, VCPKG_CMAKE_SYSTEM_NAME=, VCPKG_CMAKE_SYSTEM_VERSION=, VCPKG_PLATFORM_TOOLSET=, VCPKG_PLATFORM_TOOLSET_VERSION=, VCPKG_VISUAL_STUDIO_PATH=, VCPKG_CHAINLOAD_TOOLCHAIN_FILE=, VCPKG_BUILD_TYPE=, VCPKG_LIBRARY_LINKAGE=static, VCPKG_CRT_LINKAGE=static, e1e74b5c-18cb-4474-a6bd-5c1c8bc81f3f, c35112b6-d1ba-415b-aa5d-81de856ef8eb, VCPKG_PUBLIC_ABI_OVERRIDE=, VCPKG_ENV_PASSTHROUGH=, VCPKG_ENV_PASSTHROUGH_UNTRACKED=, VCPKG_LOAD_VCVARS_ENV=, VCPKG_DISABLE_COMPILER_TRACKING=, VCPKG_HASH_ADDITIONAL_FILES=, VCPKG_POST_PORTFILE_INCLUDES=, VCPKG_XBOX_CONSOLE_TARGET=, Z_VCPKG_GameDKLatest=, Z_VCPKG_GameDKXboxLatest=, e1e74b5c-18cb-4474-a6bd-5c1c8bc81f3f, 8c504940-be29-4cba-9f8f-6cd83e9d87b7, d8187afd-ea4a-4fc3-9aa4-a6782e1ed9af, -- [AdaptiveToolchain] Initializing tool discovery..., -- [AdaptiveToolchain] Found VS at: C:\Program Files (x86)\Microsoft Visual Studio\2022\BuildTools, -- [AdaptiveToolchain] Extracting MSVC environment via vcvarsall.bat..., -- [AdaptiveToolchain] Found Clang-cl: C:/Program Files/LLVM/bin/clang-cl.exe, -- [AdaptiveToolchain] Found lld-link: C:/Program Files/LLVM/bin/lld-link.exe, -- [AdaptiveToolchain] Found Ninja: E:/qv_build_tmp/third_party/vcpkg/downloads/tools/ninja-1.13.2-windows/ninja.exe, -- [AdaptiveToolchain] Found NASM: C:/Program Files/LLVM/bin/nasm.exe, c35112b6-d1ba-415b-aa5d-81de856ef8eb, VCPKG_TARGET_ARCHITECTURE=x64, VCPKG_CMAKE_SYSTEM_NAME=, VCPKG_CMAKE_SYSTEM_VERSION=, VCPKG_PLATFORM_TOOLSET=, VCPKG_PLATFORM_TOOLSET_VERSION=, VCPKG_VISUAL_STUDIO_PATH=, VCPKG_CHAINLOAD_TOOLCHAIN_FILE=, VCPKG_BUILD_TYPE=, VCPKG_LIBRARY_LINKAGE=static, VCPKG_CRT_LINKAGE=static, e1e74b5c-18cb-4474-a6bd-5c1c8bc81f3f, c35112b6-d1ba-415b-aa5d-81de856ef8eb, VCPKG_PUBLIC_ABI_OVERRIDE=, VCPKG_ENV_PASSTHROUGH=, VCPKG_ENV_PASSTHROUGH_UNTRACKED=, VCPKG_LOAD_VCVARS_ENV=, VCPKG_DISABLE_COMPILER_TRACKING=, VCPKG_HASH_ADDITIONAL_FILES=, VCPKG_POST_PORTFILE_INCLUDES=, VCPKG_XBOX_CONSOLE_TARGET=, Z_VCPKG_GameDKLatest=, Z_VCPKG_GameDKXboxLatest=, e1e74b5c-18cb-4474-a6bd-5c1c8bc81f3f, 8c504940-be29-4cba-9f8f-6cd83e9d87b7, d8187afd-ea4a-4fc3-9aa4-a6782e1ed9af, -- [AdaptiveToolchain] Initializing tool discovery..., -- [AdaptiveToolchain] Found VS at: C:\Program Files (x86)\Microsoft Visual Studio\2022\BuildTools, -- [AdaptiveToolchain] Extracting MSVC environment via vcvarsall.bat..., -- [AdaptiveToolchain] Found Clang-cl: C:/Program Files/LLVM/bin/clang-cl.exe, -- [AdaptiveToolchain] Found lld-link: C:/Program Files/LLVM/bin/lld-link.exe, -- [AdaptiveToolchain] Found Ninja: E:/qv_build_tmp/third_party/vcpkg/downloads/tools/ninja-1.13.2-windows/ninja.exe, -- [AdaptiveToolchain] Found NASM: C:/Program Files/LLVM/bin/nasm.exe, c35112b6-d1ba-415b-aa5d-81de856ef8eb, VCPKG_TARGET_ARCHITECTURE=x64, VCPKG_CMAKE_SYSTEM_NAME=, VCPKG_CMAKE_SYSTEM_VERSION=, VCPKG_PLATFORM_TOOLSET=, VCPKG_PLATFORM_TOOLSET_VERSION=, VCPKG_VISUAL_STUDIO_PATH=, VCPKG_CHAINLOAD_TOOLCHAIN_FILE=, VCPKG_BUILD_TYPE=, VCPKG_LIBRARY_LINKAGE=static, VCPKG_CRT_LINKAGE=static, e1e74b5c-18cb-4474-a6bd-5c1c8bc81f3f, c35112b6-d1ba-415b-aa5d-81de856ef8eb, VCPKG_PUBLIC_ABI_OVERRIDE=, VCPKG_ENV_PASSTHROUGH=, VCPKG_ENV_PASSTHROUGH_UNTRACKED=, VCPKG_LOAD_VCVARS_ENV=, VCPKG_DISABLE_COMPILER_TRACKING=, VCPKG_HASH_ADDITIONAL_FILES=, VCPKG_POST_PORTFILE_INCLUDES=, VCPKG_XBOX_CONSOLE_TARGET=, Z_VCPKG_GameDKLatest=, Z_VCPKG_GameDKXboxLatest=, e1e74b5c-18cb-4474-a6bd-5c1c8bc81f3f, 8c504940-be29-4cba-9f8f-6cd83e9d87b7, d8187afd-ea4a-4fc3-9aa4-a6782e1ed9af, -- [AdaptiveToolchain] Initializing tool discovery..., -- [AdaptiveToolchain] Found VS at: C:\Program Files (x86)\Microsoft Visual Studio\2022\BuildTools, -- [AdaptiveToolchain] Extracting MSVC environment via vcvarsall.bat..., -- [AdaptiveToolchain] Found Clang-cl: C:/Program Files/LLVM/bin/clang-cl.exe, -- [AdaptiveToolchain] Found lld-link: C:/Program Files/LLVM/bin/lld-link.exe, -- [AdaptiveToolchain] Found Ninja: E:/qv_build_tmp/third_party/vcpkg/downloads/tools/ninja-1.13.2-windows/ninja.exe, -- [AdaptiveToolchain] Found NASM: C:/Program Files/LLVM/bin/nasm.exe, c35112b6-d1ba-415b-aa5d-81de856ef8eb, VCPKG_TARGET_ARCHITECTURE=x64, VCPKG_CMAKE_SYSTEM_NAME=, VCPKG_CMAKE_SYSTEM_VERSION=, VCPKG_PLATFORM_TOOLSET=, VCPKG_PLATFORM_TOOLSET_VERSION=, VCPKG_VISUAL_STUDIO_PATH=, VCPKG_CHAINLOAD_TOOLCHAIN_FILE=, VCPKG_BUILD_TYPE=, VCPKG_LIBRARY_LINKAGE=static, VCPKG_CRT_LINKAGE=static, e1e74b5c-18cb-4474-a6bd-5c1c8bc81f3f, c35112b6-d1ba-415b-aa5d-81de856ef8eb, VCPKG_PUBLIC_ABI_OVERRIDE=, VCPKG_ENV_PASSTHROUGH=, VCPKG_ENV_PASSTHROUGH_UNTRACKED=, VCPKG_LOAD_VCVARS_ENV=, VCPKG_DISABLE_COMPILER_TRACKING=, VCPKG_HASH_ADDITIONAL_FILES=, VCPKG_POST_PORTFILE_INCLUDES=, VCPKG_XBOX_CONSOLE_TARGET=, Z_VCPKG_GameDKLatest=, Z_VCPKG_GameDKXboxLatest=, e1e74b5c-18cb-4474-a6bd-5c1c8bc81f3f, 8c504940-be29-4cba-9f8f-6cd83e9d87b7, d8187afd-ea4a-4fc3-9aa4-a6782e1ed9af, -- [AdaptiveToolchain] Initializing tool discovery..., -- [AdaptiveToolchain] Found VS at: C:\Program Files (x86)\Microsoft Visual Studio\2022\BuildTools, -- [AdaptiveToolchain] Extracting MSVC environment via vcvarsall.bat..., -- [AdaptiveToolchain] Found Clang-cl: C:/Program Files/LLVM/bin/clang-cl.exe, -- [AdaptiveToolchain] Found lld-link: C:/Program Files/LLVM/bin/lld-link.exe, -- [AdaptiveToolchain] Found Ninja: E:/qv_build_tmp/third_party/vcpkg/downloads/tools/ninja-1.13.2-windows/ninja.exe, -- [AdaptiveToolchain] Found NASM: C:/Program Files/LLVM/bin/nasm.exe, c35112b6-d1ba-415b-aa5d-81de856ef8eb, VCPKG_TARGET_ARCHITECTURE=x64, VCPKG_CMAKE_SYSTEM_NAME=, VCPKG_CMAKE_SYSTEM_VERSION=, VCPKG_PLATFORM_TOOLSET=, VCPKG_PLATFORM_TOOLSET_VERSION=, VCPKG_VISUAL_STUDIO_PATH=, VCPKG_CHAINLOAD_TOOLCHAIN_FILE=, VCPKG_BUILD_TYPE=, VCPKG_LIBRARY_LINKAGE=static, VCPKG_CRT_LINKAGE=static, e1e74b5c-18cb-4474-a6bd-5c1c8bc81f3f, c35112b6-d1ba-415b-aa5d-81de856ef8eb, VCPKG_PUBLIC_ABI_OVERRIDE=, VCPKG_ENV_PASSTHROUGH=, VCPKG_ENV_PASSTHROUGH_UNTRACKED=, VCPKG_LOAD_VCVARS_ENV=, VCPKG_DISABLE_COMPILER_TRACKING=, VCPKG_HASH_ADDITIONAL_FILES=, VCPKG_POST_PORTFILE_INCLUDES=, VCPKG_XBOX_CONSOLE_TARGET=, Z_VCPKG_GameDKLatest=, Z_VCPKG_GameDKXboxLatest=, e1e74b5c-18cb-4474-a6bd-5c1c8bc81f3f, 8c504940-be29-4cba-9f8f-6cd83e9d87b7, d8187afd-ea4a-4fc3-9aa4-a6782e1ed9af, -- [AdaptiveToolchain] Initializing tool discovery..., -- [AdaptiveToolchain] Found VS at: C:\Program Files (x86)\Microsoft Visual Studio\2022\BuildTools, -- [AdaptiveToolchain] Extracting MSVC environment via vcvarsall.bat..., -- [AdaptiveToolchain] Found Clang-cl: C:/Program Files/LLVM/bin/clang-cl.exe, -- [AdaptiveToolchain] Found lld-link: C:/Program Files/LLVM/bin/lld-link.exe, -- [AdaptiveToolchain] Found Ninja: E:/qv_build_tmp/third_party/vcpkg/downloads/tools/ninja-1.13.2-windows/ninja.exe, -- [AdaptiveToolchain] Found NASM: C:/Program Files/LLVM/bin/nasm.exe, c35112b6-d1ba-415b-aa5d-81de856ef8eb, VCPKG_TARGET_ARCHITECTURE=x64, VCPKG_CMAKE_SYSTEM_NAME=, VCPKG_CMAKE_SYSTEM_VERSION=, VCPKG_PLATFORM_TOOLSET=, VCPKG_PLATFORM_TOOLSET_VERSION=, VCPKG_VISUAL_STUDIO_PATH=, VCPKG_CHAINLOAD_TOOLCHAIN_FILE=, VCPKG_BUILD_TYPE=, VCPKG_LIBRARY_LINKAGE=static, VCPKG_CRT_LINKAGE=static, e1e74b5c-18cb-4474-a6bd-5c1c8bc81f3f, c35112b6-d1ba-415b-aa5d-81de856ef8eb, VCPKG_PUBLIC_ABI_OVERRIDE=, VCPKG_ENV_PASSTHROUGH=, VCPKG_ENV_PASSTHROUGH_UNTRACKED=, VCPKG_LOAD_VCVARS_ENV=, VCPKG_DISABLE_COMPILER_TRACKING=, VCPKG_HASH_ADDITIONAL_FILES=, VCPKG_POST_PORTFILE_INCLUDES=, VCPKG_XBOX_CONSOLE_TARGET=, Z_VCPKG_GameDKLatest=, Z_VCPKG_GameDKXboxLatest=, e1e74b5c-18cb-4474-a6bd-5c1c8bc81f3f, 8c504940-be29-4cba-9f8f-6cd83e9d87b7, d8187afd-ea4a-4fc3-9aa4-a6782e1ed9af, -- [AdaptiveToolchain] Initializing tool discovery..., -- [AdaptiveToolchain] Found VS at: C:\Program Files (x86)\Microsoft Visual Studio\2022\BuildTools, -- [AdaptiveToolchain] Extracting MSVC environment via vcvarsall.bat..., -- [AdaptiveToolchain] Found Clang-cl: C:/Program Files/LLVM/bin/clang-cl.exe, -- [AdaptiveToolchain] Found lld-link: C:/Program Files/LLVM/bin/lld-link.exe, -- [AdaptiveToolchain] Found Ninja: E:/qv_build_tmp/third_party/vcpkg/downloads/tools/ninja-1.13.2-windows/ninja.exe, -- [AdaptiveToolchain] Found NASM: C:/Program Files/LLVM/bin/nasm.exe, c35112b6-d1ba-415b-aa5d-81de856ef8eb, VCPKG_TARGET_ARCHITECTURE=x64, VCPKG_CMAKE_SYSTEM_NAME=, VCPKG_CMAKE_SYSTEM_VERSION=, VCPKG_PLATFORM_TOOLSET=, VCPKG_PLATFORM_TOOLSET_VERSION=, VCPKG_VISUAL_STUDIO_PATH=, VCPKG_CHAINLOAD_TOOLCHAIN_FILE=, VCPKG_BUILD_TYPE=, VCPKG_LIBRARY_LINKAGE=static, VCPKG_CRT_LINKAGE=static, e1e74b5c-18cb-4474-a6bd-5c1c8bc81f3f, c35112b6-d1ba-415b-aa5d-81de856ef8eb, VCPKG_PUBLIC_ABI_OVERRIDE=, VCPKG_ENV_PASSTHROUGH=, VCPKG_ENV_PASSTHROUGH_UNTRACKED=, VCPKG_LOAD_VCVARS_ENV=, VCPKG_DISABLE_COMPILER_TRACKING=, VCPKG_HASH_ADDITIONAL_FILES=, VCPKG_POST_PORTFILE_INCLUDES=, VCPKG_XBOX_CONSOLE_TARGET=, Z_VCPKG_GameDKLatest=, Z_VCPKG_GameDKXboxLatest=, e1e74b5c-18cb-4474-a6bd-5c1c8bc81f3f, 8c504940-be29-4cba-9f8f-6cd83e9d87b7, d8187afd-ea4a-4fc3-9aa4-a6782e1ed9af, -- [AdaptiveToolchain] Initializing tool discovery..., -- [AdaptiveToolchain] Found VS at: C:\Program Files (x86)\Microsoft Visual Studio\2022\BuildTools, -- [AdaptiveToolchain] Extracting MSVC environment via vcvarsall.bat..., -- [AdaptiveToolchain] Found Clang-cl: C:/Program Files/LLVM/bin/clang-cl.exe, -- [AdaptiveToolchain] Found lld-link: C:/Program Files/LLVM/bin/lld-link.exe, -- [AdaptiveToolchain] Found Ninja: E:/qv_build_tmp/third_party/vcpkg/downloads/tools/ninja-1.13.2-windows/ninja.exe, -- [AdaptiveToolchain] Found NASM: C:/Program Files/LLVM/bin/nasm.exe, c35112b6-d1ba-415b-aa5d-81de856ef8eb, VCPKG_TARGET_ARCHITECTURE=x64, VCPKG_CMAKE_SYSTEM_NAME=, VCPKG_CMAKE_SYSTEM_VERSION=, VCPKG_PLATFORM_TOOLSET=, VCPKG_PLATFORM_TOOLSET_VERSION=, VCPKG_VISUAL_STUDIO_PATH=, VCPKG_CHAINLOAD_TOOLCHAIN_FILE=, VCPKG_BUILD_TYPE=, VCPKG_LIBRARY_LINKAGE=static, VCPKG_CRT_LINKAGE=static, e1e74b5c-18cb-4474-a6bd-5c1c8bc81f3f, c35112b6-d1ba-415b-aa5d-81de856ef8eb, VCPKG_PUBLIC_ABI_OVERRIDE=, VCPKG_ENV_PASSTHROUGH=, VCPKG_ENV_PASSTHROUGH_UNTRACKED=, VCPKG_LOAD_VCVARS_ENV=, VCPKG_DISABLE_COMPILER_TRACKING=, VCPKG_HASH_ADDITIONAL_FILES=, VCPKG_POST_PORTFILE_INCLUDES=, VCPKG_XBOX_CONSOLE_TARGET=, Z_VCPKG_GameDKLatest=, Z_VCPKG_GameDKXboxLatest=, e1e74b5c-18cb-4474-a6bd-5c1c8bc81f3f, 8c504940-be29-4cba-9f8f-6cd83e9d87b7, d8187afd-ea4a-4fc3-9aa4-a6782e1ed9af, -- [AdaptiveToolchain] Initializing tool discovery..., -- [AdaptiveToolchain] Found VS at: C:\Program Files (x86)\Microsoft Visual Studio\2022\BuildTools, -- [AdaptiveToolchain] Extracting MSVC environment via vcvarsall.bat..., -- [AdaptiveToolchain] Found Clang-cl: C:/Program Files/LLVM/bin/clang-cl.exe, -- [AdaptiveToolchain] Found lld-link: C:/Program Files/LLVM/bin/lld-link.exe, -- [AdaptiveToolchain] Found Ninja: E:/qv_build_tmp/third_party/vcpkg/downloads/tools/ninja-1.13.2-windows/ninja.exe, -- [AdaptiveToolchain] Found NASM: C:/Program Files/LLVM/bin/nasm.exe, c35112b6-d1ba-415b-aa5d-81de856ef8eb, VCPKG_TARGET_ARCHITECTURE=x64, VCPKG_CMAKE_SYSTEM_NAME=, VCPKG_CMAKE_SYSTEM_VERSION=, VCPKG_PLATFORM_TOOLSET=, VCPKG_PLATFORM_TOOLSET_VERSION=, VCPKG_VISUAL_STUDIO_PATH=, VCPKG_CHAINLOAD_TOOLCHAIN_FILE=, VCPKG_BUILD_TYPE=, VCPKG_LIBRARY_LINKAGE=static, VCPKG_CRT_LINKAGE=static, e1e74b5c-18cb-4474-a6bd-5c1c8bc81f3f, c35112b6-d1ba-415b-aa5d-81de856ef8eb, VCPKG_PUBLIC_ABI_OVERRIDE=, VCPKG_ENV_PASSTHROUGH=, VCPKG_ENV_PASSTHROUGH_UNTRACKED=, VCPKG_LOAD_VCVARS_ENV=, VCPKG_DISABLE_COMPILER_TRACKING=, VCPKG_HASH_ADDITIONAL_FILES=, VCPKG_POST_PORTFILE_INCLUDES=, VCPKG_XBOX_CONSOLE_TARGET=, Z_VCPKG_GameDKLatest=, Z_VCPKG_GameDKXboxLatest=, e1e74b5c-18cb-4474-a6bd-5c1c8bc81f3f, 8c504940-be29-4cba-9f8f-6cd83e9d87b7, d8187afd-ea4a-4fc3-9aa4-a6782e1ed9af, -- [AdaptiveToolchain] Initializing tool discovery..., -- [AdaptiveToolchain] Found VS at: C:\Program Files (x86)\Microsoft Visual Studio\2022\BuildTools, -- [AdaptiveToolchain] Extracting MSVC environment via vcvarsall.bat..., -- [AdaptiveToolchain] Found Clang-cl: C:/Program Files/LLVM/bin/clang-cl.exe, -- [AdaptiveToolchain] Found lld-link: C:/Program Files/LLVM/bin/lld-link.exe, -- [AdaptiveToolchain] Found Ninja: E:/qv_build_tmp/third_party/vcpkg/downloads/tools/ninja-1.13.2-windows/ninja.exe, -- [AdaptiveToolchain] Found NASM: C:/Program Files/LLVM/bin/nasm.exe, c35112b6-d1ba-415b-aa5d-81de856ef8eb, VCPKG_TARGET_ARCHITECTURE=x64, VCPKG_CMAKE_SYSTEM_NAME=, VCPKG_CMAKE_SYSTEM_VERSION=, VCPKG_PLATFORM_TOOLSET=, VCPKG_PLATFORM_TOOLSET_VERSION=, VCPKG_VISUAL_STUDIO_PATH=, VCPKG_CHAINLOAD_TOOLCHAIN_FILE=, VCPKG_BUILD_TYPE=, VCPKG_LIBRARY_LINKAGE=static, VCPKG_CRT_LINKAGE=static, e1e74b5c-18cb-4474-a6bd-5c1c8bc81f3f, c35112b6-d1ba-415b-aa5d-81de856ef8eb, VCPKG_PUBLIC_ABI_OVERRIDE=, VCPKG_ENV_PASSTHROUGH=, VCPKG_ENV_PASSTHROUGH_UNTRACKED=, VCPKG_LOAD_VCVARS_ENV=, VCPKG_DISABLE_COMPILER_TRACKING=, VCPKG_HASH_ADDITIONAL_FILES=, VCPKG_POST_PORTFILE_INCLUDES=, VCPKG_XBOX_CONSOLE_TARGET=, Z_VCPKG_GameDKLatest=, Z_VCPKG_GameDKXboxLatest=, e1e74b5c-18cb-4474-a6bd-5c1c8bc81f3f, 8c504940-be29-4cba-9f8f-6cd83e9d87b7, d8187afd-ea4a-4fc3-9aa4-a6782e1ed9af, -- [AdaptiveToolchain] Initializing tool discovery..., -- [AdaptiveToolchain] Found VS at: C:\Program Files (x86)\Microsoft Visual Studio\2022\BuildTools, -- [AdaptiveToolchain] Extracting MSVC environment via vcvarsall.bat..., -- [AdaptiveToolchain] Found Clang-cl: C:/Program Files/LLVM/bin/clang-cl.exe, -- [AdaptiveToolchain] Found lld-link: C:/Program Files/LLVM/bin/lld-link.exe, -- [AdaptiveToolchain] Found Ninja: E:/qv_build_tmp/third_party/vcpkg/downloads/tools/ninja-1.13.2-windows/ninja.exe, -- [AdaptiveToolchain] Found NASM: C:/Program Files/LLVM/bin/nasm.exe, c35112b6-d1ba-415b-aa5d-81de856ef8eb, VCPKG_TARGET_ARCHITECTURE=x64, VCPKG_CMAKE_SYSTEM_NAME=, VCPKG_CMAKE_SYSTEM_VERSION=, VCPKG_PLATFORM_TOOLSET=, VCPKG_PLATFORM_TOOLSET_VERSION=, VCPKG_VISUAL_STUDIO_PATH=, VCPKG_CHAINLOAD_TOOLCHAIN_FILE=, VCPKG_BUILD_TYPE=, VCPKG_LIBRARY_LINKAGE=static, VCPKG_CRT_LINKAGE=static, e1e74b5c-18cb-4474-a6bd-5c1c8bc81f3f, c35112b6-d1ba-415b-aa5d-81de856ef8eb, VCPKG_PUBLIC_ABI_OVERRIDE=, VCPKG_ENV_PASSTHROUGH=, VCPKG_ENV_PASSTHROUGH_UNTRACKED=, VCPKG_LOAD_VCVARS_ENV=, VCPKG_DISABLE_COMPILER_TRACKING=, VCPKG_HASH_ADDITIONAL_FILES=, VCPKG_POST_PORTFILE_INCLUDES=, VCPKG_XBOX_CONSOLE_TARGET=, Z_VCPKG_GameDKLatest=, Z_VCPKG_GameDKXboxLatest=, e1e74b5c-18cb-4474-a6bd-5c1c8bc81f3f, 8c504940-be29-4cba-9f8f-6cd83e9d87b7, d8187afd-ea4a-4fc3-9aa4-a6782e1ed9af, -- [AdaptiveToolchain] Initializing tool discovery..., -- [AdaptiveToolchain] Found VS at: C:\Program Files (x86)\Microsoft Visual Studio\2022\BuildTools, -- [AdaptiveToolchain] Extracting MSVC environment via vcvarsall.bat..., -- [AdaptiveToolchain] Found Clang-cl: C:/Program Files/LLVM/bin/clang-cl.exe, -- [AdaptiveToolchain] Found lld-link: C:/Program Files/LLVM/bin/lld-link.exe, -- [AdaptiveToolchain] Found Ninja: E:/qv_build_tmp/third_party/vcpkg/downloads/tools/ninja-1.13.2-windows/ninja.exe, -- [AdaptiveToolchain] Found NASM: C:/Program Files/LLVM/bin/nasm.exe, c35112b6-d1ba-415b-aa5d-81de856ef8eb, VCPKG_TARGET_ARCHITECTURE=x64, VCPKG_CMAKE_SYSTEM_NAME=, VCPKG_CMAKE_SYSTEM_VERSION=, VCPKG_PLATFORM_TOOLSET=, VCPKG_PLATFORM_TOOLSET_VERSION=, VCPKG_VISUAL_STUDIO_PATH=, VCPKG_CHAINLOAD_TOOLCHAIN_FILE=, VCPKG_BUILD_TYPE=, VCPKG_LIBRARY_LINKAGE=static, VCPKG_CRT_LINKAGE=static, e1e74b5c-18cb-4474-a6bd-5c1c8bc81f3f, c35112b6-d1ba-415b-aa5d-81de856ef8eb, VCPKG_PUBLIC_ABI_OVERRIDE=, VCPKG_ENV_PASSTHROUGH=, VCPKG_ENV_PASSTHROUGH_UNTRACKED=, VCPKG_LOAD_VCVARS_ENV=, VCPKG_DISABLE_COMPILER_TRACKING=, VCPKG_HASH_ADDITIONAL_FILES=, VCPKG_POST_PORTFILE_INCLUDES=, VCPKG_XBOX_CONSOLE_TARGET=, Z_VCPKG_GameDKLatest=, Z_VCPKG_GameDKXboxLatest=, e1e74b5c-18cb-4474-a6bd-5c1c8bc81f3f, 8c504940-be29-4cba-9f8f-6cd83e9d87b7, d8187afd-ea4a-4fc3-9aa4-a6782e1ed9af, -- [AdaptiveToolchain] Initializing tool discovery..., -- [AdaptiveToolchain] Found VS at: C:\Program Files (x86)\Microsoft Visual Studio\2022\BuildTools, -- [AdaptiveToolchain] Extracting MSVC environment via vcvarsall.bat..., -- [AdaptiveToolchain] Found Clang-cl: C:/Program Files/LLVM/bin/clang-cl.exe, -- [AdaptiveToolchain] Found lld-link: C:/Program Files/LLVM/bin/lld-link.exe, -- [AdaptiveToolchain] Found Ninja: E:/qv_build_tmp/third_party/vcpkg/downloads/tools/ninja-1.13.2-windows/ninja.exe, -- [AdaptiveToolchain] Found NASM: C:/Program Files/LLVM/bin/nasm.exe, c35112b6-d1ba-415b-aa5d-81de856ef8eb, VCPKG_TARGET_ARCHITECTURE=x64, VCPKG_CMAKE_SYSTEM_NAME=, VCPKG_CMAKE_SYSTEM_VERSION=, VCPKG_PLATFORM_TOOLSET=, VCPKG_PLATFORM_TOOLSET_VERSION=, VCPKG_VISUAL_STUDIO_PATH=, VCPKG_CHAINLOAD_TOOLCHAIN_FILE=, VCPKG_BUILD_TYPE=, VCPKG_LIBRARY_LINKAGE=static, VCPKG_CRT_LINKAGE=static, e1e74b5c-18cb-4474-a6bd-5c1c8bc81f3f, c35112b6-d1ba-415b-aa5d-81de856ef8eb, VCPKG_PUBLIC_ABI_OVERRIDE=, VCPKG_ENV_PASSTHROUGH=, VCPKG_ENV_PASSTHROUGH_UNTRACKED=, VCPKG_LOAD_VCVARS_ENV=, VCPKG_DISABLE_COMPILER_TRACKING=, VCPKG_HASH_ADDITIONAL_FILES=, VCPKG_POST_PORTFILE_INCLUDES=, VCPKG_XBOX_CONSOLE_TARGET=, Z_VCPKG_GameDKLatest=, Z_VCPKG_GameDKXboxLatest=, e1e74b5c-18cb-4474-a6bd-5c1c8bc81f3f, 8c504940-be29-4cba-9f8f-6cd83e9d87b7, d8187afd-ea4a-4fc3-9aa4-a6782e1ed9af, -- [AdaptiveToolchain] Initializing tool discovery..., -- [AdaptiveToolchain] Found VS at: C:\Program Files (x86)\Microsoft Visual Studio\2022\BuildTools, -- [AdaptiveToolchain] Extracting MSVC environment via vcvarsall.bat..., -- [AdaptiveToolchain] Found Clang-cl: C:/Program Files/LLVM/bin/clang-cl.exe, -- [AdaptiveToolchain] Found lld-link: C:/Program Files/LLVM/bin/lld-link.exe, -- [AdaptiveToolchain] Found Ninja: E:/qv_build_tmp/third_party/vcpkg/downloads/tools/ninja-1.13.2-windows/ninja.exe, -- [AdaptiveToolchain] Found NASM: C:/Program Files/LLVM/bin/nasm.exe, c35112b6-d1ba-415b-aa5d-81de856ef8eb, VCPKG_TARGET_ARCHITECTURE=x64, VCPKG_CMAKE_SYSTEM_NAME=, VCPKG_CMAKE_SYSTEM_VERSION=, VCPKG_PLATFORM_TOOLSET=, VCPKG_PLATFORM_TOOLSET_VERSION=, VCPKG_VISUAL_STUDIO_PATH=, VCPKG_CHAINLOAD_TOOLCHAIN_FILE=, VCPKG_BUILD_TYPE=, VCPKG_LIBRARY_LINKAGE=static, VCPKG_CRT_LINKAGE=static, e1e74b5c-18cb-4474-a6bd-5c1c8bc81f3f, c35112b6-d1ba-415b-aa5d-81de856ef8eb, VCPKG_PUBLIC_ABI_OVERRIDE=, VCPKG_ENV_PASSTHROUGH=, VCPKG_ENV_PASSTHROUGH_UNTRACKED=, VCPKG_LOAD_VCVARS_ENV=, VCPKG_DISABLE_COMPILER_TRACKING=, VCPKG_HASH_ADDITIONAL_FILES=, VCPKG_POST_PORTFILE_INCLUDES=, VCPKG_XBOX_CONSOLE_TARGET=, Z_VCPKG_GameDKLatest=, Z_VCPKG_GameDKXboxLatest=, e1e74b5c-18cb-4474-a6bd-5c1c8bc81f3f, 8c504940-be29-4cba-9f8f-6cd83e9d87b7, d8187afd-ea4a-4fc3-9aa4-a6782e1ed9af, -- [AdaptiveToolchain] Initializing tool discovery..., -- [AdaptiveToolchain] Found VS at: C:\Program Files (x86)\Microsoft Visual Studio\2022\BuildTools, -- [AdaptiveToolchain] Extracting MSVC environment via vcvarsall.bat..., -- [AdaptiveToolchain] Found Clang-cl: C:/Program Files/LLVM/bin/clang-cl.exe, -- [AdaptiveToolchain] Found lld-link: C:/Program Files/LLVM/bin/lld-link.exe, -- [AdaptiveToolchain] Found Ninja: E:/qv_build_tmp/third_party/vcpkg/downloads/tools/ninja-1.13.2-windows/ninja.exe, -- [AdaptiveToolchain] Found NASM: C:/Program Files/LLVM/bin/nasm.exe, c35112b6-d1ba-415b-aa5d-81de856ef8eb, VCPKG_TARGET_ARCHITECTURE=x64, VCPKG_CMAKE_SYSTEM_NAME=, VCPKG_CMAKE_SYSTEM_VERSION=, VCPKG_PLATFORM_TOOLSET=, VCPKG_PLATFORM_TOOLSET_VERSION=, VCPKG_VISUAL_STUDIO_PATH=, VCPKG_CHAINLOAD_TOOLCHAIN_FILE=, VCPKG_BUILD_TYPE=, VCPKG_LIBRARY_LINKAGE=static, VCPKG_CRT_LINKAGE=static, e1e74b5c-18cb-4474-a6bd-5c1c8bc81f3f, c35112b6-d1ba-415b-aa5d-81de856ef8eb, VCPKG_PUBLIC_ABI_OVERRIDE=, VCPKG_ENV_PASSTHROUGH=, VCPKG_ENV_PASSTHROUGH_UNTRACKED=, VCPKG_LOAD_VCVARS_ENV=, VCPKG_DISABLE_COMPILER_TRACKING=, VCPKG_HASH_ADDITIONAL_FILES=, VCPKG_POST_PORTFILE_INCLUDES=, VCPKG_XBOX_CONSOLE_TARGET=, Z_VCPKG_GameDKLatest=, Z_VCPKG_GameDKXboxLatest=, e1e74b5c-18cb-4474-a6bd-5c1c8bc81f3f, 8c504940-be29-4cba-9f8f-6cd83e9d87b7, d8187afd-ea4a-4fc3-9aa4-a6782e1ed9af, -- [AdaptiveToolchain] Initializing tool discovery..., -- [AdaptiveToolchain] Found VS at: C:\Program Files (x86)\Microsoft Visual Studio\2022\BuildTools, -- [AdaptiveToolchain] Extracting MSVC environment via vcvarsall.bat..., -- [AdaptiveToolchain] Found Clang-cl: C:/Program Files/LLVM/bin/clang-cl.exe, -- [AdaptiveToolchain] Found lld-link: C:/Program Files/LLVM/bin/lld-link.exe, -- [AdaptiveToolchain] Found Ninja: E:/qv_build_tmp/third_party/vcpkg/downloads/tools/ninja-1.13.2-windows/ninja.exe, -- [AdaptiveToolchain] Found NASM: C:/Program Files/LLVM/bin/nasm.exe, c35112b6-d1ba-415b-aa5d-81de856ef8eb, VCPKG_TARGET_ARCHITECTURE=x64, VCPKG_CMAKE_SYSTEM_NAME=, VCPKG_CMAKE_SYSTEM_VERSION=, VCPKG_PLATFORM_TOOLSET=, VCPKG_PLATFORM_TOOLSET_VERSION=, VCPKG_VISUAL_STUDIO_PATH=, VCPKG_CHAINLOAD_TOOLCHAIN_FILE=, VCPKG_BUILD_TYPE=, VCPKG_LIBRARY_LINKAGE=static, VCPKG_CRT_LINKAGE=static, e1e74b5c-18cb-4474-a6bd-5c1c8bc81f3f, c35112b6-d1ba-415b-aa5d-81de856ef8eb, VCPKG_PUBLIC_ABI_OVERRIDE=, VCPKG_ENV_PASSTHROUGH=, VCPKG_ENV_PASSTHROUGH_UNTRACKED=, VCPKG_LOAD_VCVARS_ENV=, VCPKG_DISABLE_COMPILER_TRACKING=, VCPKG_HASH_ADDITIONAL_FILES=, VCPKG_POST_PORTFILE_INCLUDES=, VCPKG_XBOX_CONSOLE_TARGET=, Z_VCPKG_GameDKLatest=, Z_VCPKG_GameDKXboxLatest=, e1e74b5c-18cb-4474-a6bd-5c1c8bc81f3f, 8c504940-be29-4cba-9f8f-6cd83e9d87b7, d8187afd-ea4a-4fc3-9aa4-a6782e1ed9af, -- [AdaptiveToolchain] Initializing tool discovery..., -- [AdaptiveToolchain] Found VS at: C:\Program Files (x86)\Microsoft Visual Studio\2022\BuildTools, -- [AdaptiveToolchain] Extracting MSVC environment via vcvarsall.bat..., -- [AdaptiveToolchain] Found Clang-cl: C:/Program Files/LLVM/bin/clang-cl.exe, -- [AdaptiveToolchain] Found lld-link: C:/Program Files/LLVM/bin/lld-link.exe, -- [AdaptiveToolchain] Found Ninja: E:/qv_build_tmp/third_party/vcpkg/downloads/tools/ninja-1.13.2-windows/ninja.exe, -- [AdaptiveToolchain] Found NASM: C:/Program Files/LLVM/bin/nasm.exe, c35112b6-d1ba-415b-aa5d-81de856ef8eb, VCPKG_TARGET_ARCHITECTURE=x64, VCPKG_CMAKE_SYSTEM_NAME=, VCPKG_CMAKE_SYSTEM_VERSION=, VCPKG_PLATFORM_TOOLSET=, VCPKG_PLATFORM_TOOLSET_VERSION=, VCPKG_VISUAL_STUDIO_PATH=, VCPKG_CHAINLOAD_TOOLCHAIN_FILE=, VCPKG_BUILD_TYPE=, VCPKG_LIBRARY_LINKAGE=static, VCPKG_CRT_LINKAGE=static, e1e74b5c-18cb-4474-a6bd-5c1c8bc81f3f, c35112b6-d1ba-415b-aa5d-81de856ef8eb, VCPKG_PUBLIC_ABI_OVERRIDE=, VCPKG_ENV_PASSTHROUGH=, VCPKG_ENV_PASSTHROUGH_UNTRACKED=, VCPKG_LOAD_VCVARS_ENV=, VCPKG_DISABLE_COMPILER_TRACKING=, VCPKG_HASH_ADDITIONAL_FILES=, VCPKG_POST_PORTFILE_INCLUDES=, VCPKG_XBOX_CONSOLE_TARGET=, Z_VCPKG_GameDKLatest=, Z_VCPKG_GameDKXboxLatest=, e1e74b5c-18cb-4474-a6bd-5c1c8bc81f3f, 8c504940-be29-4cba-9f8f-6cd83e9d87b7, d8187afd-ea4a-4fc3-9aa4-a6782e1ed9af, -- [AdaptiveToolchain] Initializing tool discovery..., -- [AdaptiveToolchain] Found VS at: C:\Program Files (x86)\Microsoft Visual Studio\2022\BuildTools, -- [AdaptiveToolchain] Extracting MSVC environment via vcvarsall.bat..., -- [AdaptiveToolchain] Found Clang-cl: C:/Program Files/LLVM/bin/clang-cl.exe, -- [AdaptiveToolchain] Found lld-link: C:/Program Files/LLVM/bin/lld-link.exe, -- [AdaptiveToolchain] Found Ninja: E:/qv_build_tmp/third_party/vcpkg/downloads/tools/ninja-1.13.2-windows/ninja.exe, -- [AdaptiveToolchain] Found NASM: C:/Program Files/LLVM/bin/nasm.exe, c35112b6-d1ba-415b-aa5d-81de856ef8eb, VCPKG_TARGET_ARCHITECTURE=x64, VCPKG_CMAKE_SYSTEM_NAME=, VCPKG_CMAKE_SYSTEM_VERSION=, VCPKG_PLATFORM_TOOLSET=, VCPKG_PLATFORM_TOOLSET_VERSION=, VCPKG_VISUAL_STUDIO_PATH=, VCPKG_CHAINLOAD_TOOLCHAIN_FILE=, VCPKG_BUILD_TYPE=, VCPKG_LIBRARY_LINKAGE=static, VCPKG_CRT_LINKAGE=static, e1e74b5c-18cb-4474-a6bd-5c1c8bc81f3f, c35112b6-d1ba-415b-aa5d-81de856ef8eb, VCPKG_PUBLIC_ABI_OVERRIDE=, VCPKG_ENV_PASSTHROUGH=, VCPKG_ENV_PASSTHROUGH_UNTRACKED=, VCPKG_LOAD_VCVARS_ENV=, VCPKG_DISABLE_COMPILER_TRACKING=, VCPKG_HASH_ADDITIONAL_FILES=, VCPKG_POST_PORTFILE_INCLUDES=, VCPKG_XBOX_CONSOLE_TARGET=, Z_VCPKG_GameDKLatest=, Z_VCPKG_GameDKXboxLatest=, e1e74b5c-18cb-4474-a6bd-5c1c8bc81f3f, 8c504940-be29-4cba-9f8f-6cd83e9d87b7, d8187afd-ea4a-4fc3-9aa4-a6782e1ed9af, -- [AdaptiveToolchain] Initializing tool discovery..., -- [AdaptiveToolchain] Found VS at: C:\Program Files (x86)\Microsoft Visual Studio\2022\BuildTools, -- [AdaptiveToolchain] Extracting MSVC environment via vcvarsall.bat..., -- [AdaptiveToolchain] Found Clang-cl: C:/Program Files/LLVM/bin/clang-cl.exe, -- [AdaptiveToolchain] Found lld-link: C:/Program Files/LLVM/bin/lld-link.exe, -- [AdaptiveToolchain] Found Ninja: E:/qv_build_tmp/third_party/vcpkg/downloads/tools/ninja-1.13.2-windows/ninja.exe, -- [AdaptiveToolchain] Found NASM: C:/Program Files/LLVM/bin/nasm.exe, c35112b6-d1ba-415b-aa5d-81de856ef8eb, VCPKG_TARGET_ARCHITECTURE=x64, VCPKG_CMAKE_SYSTEM_NAME=, VCPKG_CMAKE_SYSTEM_VERSION=, VCPKG_PLATFORM_TOOLSET=, VCPKG_PLATFORM_TOOLSET_VERSION=, VCPKG_VISUAL_STUDIO_PATH=, VCPKG_CHAINLOAD_TOOLCHAIN_FILE=, VCPKG_BUILD_TYPE=, VCPKG_LIBRARY_LINKAGE=static, VCPKG_CRT_LINKAGE=static, e1e74b5c-18cb-4474-a6bd-5c1c8bc81f3f, c35112b6-d1ba-415b-aa5d-81de856ef8eb, VCPKG_PUBLIC_ABI_OVERRIDE=, VCPKG_ENV_PASSTHROUGH=, VCPKG_ENV_PASSTHROUGH_UNTRACKED=, VCPKG_LOAD_VCVARS_ENV=, VCPKG_DISABLE_COMPILER_TRACKING=, VCPKG_HASH_ADDITIONAL_FILES=, VCPKG_POST_PORTFILE_INCLUDES=, VCPKG_XBOX_CONSOLE_TARGET=, Z_VCPKG_GameDKLatest=, Z_VCPKG_GameDKXboxLatest=, e1e74b5c-18cb-4474-a6bd-5c1c8bc81f3f, 8c504940-be29-4cba-9f8f-6cd83e9d87b7, d8187afd-ea4a-4fc3-9aa4-a6782e1ed9af, -- [AdaptiveToolchain] Initializing tool discovery..., -- [AdaptiveToolchain] Found VS at: C:\Program Files (x86)\Microsoft Visual Studio\2022\BuildTools, -- [AdaptiveToolchain] Extracting MSVC environment via vcvarsall.bat..., -- [AdaptiveToolchain] Found Clang-cl: C:/Program Files/LLVM/bin/clang-cl.exe, -- [AdaptiveToolchain] Found lld-link: C:/Program Files/LLVM/bin/lld-link.exe, -- [AdaptiveToolchain] Found Ninja: E:/qv_build_tmp/third_party/vcpkg/downloads/tools/ninja-1.13.2-windows/ninja.exe, -- [AdaptiveToolchain] Found NASM: C:/Program Files/LLVM/bin/nasm.exe, c35112b6-d1ba-415b-aa5d-81de856ef8eb, VCPKG_TARGET_ARCHITECTURE=x64, VCPKG_CMAKE_SYSTEM_NAME=, VCPKG_CMAKE_SYSTEM_VERSION=, VCPKG_PLATFORM_TOOLSET=, VCPKG_PLATFORM_TOOLSET_VERSION=, VCPKG_VISUAL_STUDIO_PATH=, VCPKG_CHAINLOAD_TOOLCHAIN_FILE=, VCPKG_BUILD_TYPE=, VCPKG_LIBRARY_LINKAGE=static, VCPKG_CRT_LINKAGE=static, e1e74b5c-18cb-4474-a6bd-5c1c8bc81f3f, c35112b6-d1ba-415b-aa5d-81de856ef8eb, VCPKG_PUBLIC_ABI_OVERRIDE=, VCPKG_ENV_PASSTHROUGH=, VCPKG_ENV_PASSTHROUGH_UNTRACKED=, VCPKG_LOAD_VCVARS_ENV=, VCPKG_DISABLE_COMPILER_TRACKING=, VCPKG_HASH_ADDITIONAL_FILES=, VCPKG_POST_PORTFILE_INCLUDES=, VCPKG_XBOX_CONSOLE_TARGET=, Z_VCPKG_GameDKLatest=, Z_VCPKG_GameDKXboxLatest=, e1e74b5c-18cb-4474-a6bd-5c1c8bc81f3f, 8c504940-be29-4cba-9f8f-6cd83e9d87b7, d8187afd-ea4a-4fc3-9aa4-a6782e1ed9af, -- [AdaptiveToolchain] Initializing tool discovery..., -- [AdaptiveToolchain] Found VS at: C:\Program Files (x86)\Microsoft Visual Studio\2022\BuildTools, -- [AdaptiveToolchain] Extracting MSVC environment via vcvarsall.bat..., -- [AdaptiveToolchain] Found Clang-cl: C:/Program Files/LLVM/bin/clang-cl.exe, -- [AdaptiveToolchain] Found lld-link: C:/Program Files/LLVM/bin/lld-link.exe, -- [AdaptiveToolchain] Found Ninja: E:/qv_build_tmp/third_party/vcpkg/downloads/tools/ninja-1.13.2-windows/ninja.exe, -- [AdaptiveToolchain] Found NASM: C:/Program Files/LLVM/bin/nasm.exe, c35112b6-d1ba-415b-aa5d-81de856ef8eb, VCPKG_TARGET_ARCHITECTURE=x64, VCPKG_CMAKE_SYSTEM_NAME=, VCPKG_CMAKE_SYSTEM_VERSION=, VCPKG_PLATFORM_TOOLSET=, VCPKG_PLATFORM_TOOLSET_VERSION=, VCPKG_VISUAL_STUDIO_PATH=, VCPKG_CHAINLOAD_TOOLCHAIN_FILE=, VCPKG_BUILD_TYPE=, VCPKG_LIBRARY_LINKAGE=static, VCPKG_CRT_LINKAGE=static, e1e74b5c-18cb-4474-a6bd-5c1c8bc81f3f, c35112b6-d1ba-415b-aa5d-81de856ef8eb, VCPKG_PUBLIC_ABI_OVERRIDE=, VCPKG_ENV_PASSTHROUGH=, VCPKG_ENV_PASSTHROUGH_UNTRACKED=, VCPKG_LOAD_VCVARS_ENV=, VCPKG_DISABLE_COMPILER_TRACKING=, VCPKG_HASH_ADDITIONAL_FILES=, VCPKG_POST_PORTFILE_INCLUDES=, VCPKG_XBOX_CONSOLE_TARGET=, Z_VCPKG_GameDKLatest=, Z_VCPKG_GameDKXboxLatest=, e1e74b5c-18cb-4474-a6bd-5c1c8bc81f3f, 8c504940-be29-4cba-9f8f-6cd83e9d87b7, d8187afd-ea4a-4fc3-9aa4-a6782e1ed9af, CMake Error at buildtrees/0.vcpkg_tags.cmake:28 (include):,   include could not find requested file:, ,     E:/qv_build_tmp/custom-triplet/../cmake/AdaptiveToolchain.cmake, Call Stack (most recent call first):,   buildtrees/0.vcpkg_tags.cmake:119 (vcpkg_triplet_file),   buildtrees/0.vcpkg_tags.cmake:183 (vcpkg_get_tags), , 
-- Running vcpkg install - failed
cmake : CMake Error at third_party/vcpkg/scripts/buildsystems/vcpkg.cmake:984 (message):
At E:\项目\看图软件\看图软件编译并启动.ps1:59 char:1
+ cmake --preset Release-LTO 2>&1 | ForEach-Object { Write-Host $_ }
+ ~~~~~~~~~~~~~~~~~~~~~~~~~~~~~~~
    + CategoryInfo          : NotSpecified: (CMake Error at ...:984 (message)::String) [], RemoteException
    + FullyQualifiedErrorId : NativeCommandError
 
